
Memory Configuration

Name             Origin             Length             Attributes
instrram         0x0000000000000000 0x0000000000008000
dataram          0x0000000000100000 0x0000000000005000
stack            0x0000000000105000 0x0000000000003000
*default*        0x0000000000000000 0xffffffffffffffff

Linker script and memory map

                0x0000000000000000                __DYNAMIC = 0x0
                0x0000000000001000                _min_stack = 0x1000
                0x0000000000003000                _stack_len = LENGTH (stack)
                0x0000000000108000                _stack_start = (ORIGIN (stack) + LENGTH (stack))

.vectors        0x0000000000000000       0x8c
                0x0000000000000000                . = ALIGN (0x4)
 *(.vectors)
 .vectors       0x0000000000000000       0x8c ./file_o/pulpino_o/crt0_riscv_E.o

.text           0x000000000000008c     0x608e
                0x000000000000008c                . = ALIGN (0x4)
                0x000000000000008c                _stext = .
 *(.text)
 .text          0x000000000000008c       0x5a ./file_o/pulpino_o/timer.o
                0x000000000000008c                reset_timer
                0x00000000000000a2                start_timer
                0x00000000000000ba                stop_timer
                0x00000000000000d2                get_time
 .text          0x00000000000000e6      0x19c ./file_o/pulpino_o/utils.o
                0x00000000000000e6                exit
                0x00000000000000fa                eoc
                0x000000000000013c                sleep_busy
                0x000000000000016e                cpu_perf_set
                0x0000000000000194                cpu_perf_get
 .text          0x0000000000000282       0xc4 ./file_o/pulpino_o/crt0_riscv_E.o
                0x00000000000002ae                _start
                0x0000000000000344                _init
                0x0000000000000344                _fini
 .text          0x0000000000000346       0x10 ./file_o/pulpino_o/main.o
                0x0000000000000346                main
 .text          0x0000000000000356      0x89c ./file_o/pulpino_o/qprintf.o
                0x0000000000000428                putchar
                0x0000000000000980                printf
                0x00000000000009d0                puts
                0x0000000000000a20                strcmp
                0x0000000000000b00                memset
                0x0000000000000b50                strcpy
                0x0000000000000baa                strlen
 .text          0x0000000000000bf2      0x2dc ./file_o/pulpino_o/gpio.o
                0x0000000000000bf2                set_pin_function
                0x0000000000000c4a                get_pin_function
                0x0000000000000c7c                set_gpio_pin_direction
                0x0000000000000cda                get_gpio_pin_direction
                0x0000000000000d0e                set_gpio_pin_value
                0x0000000000000d70                get_gpio_pin_value
                0x0000000000000da4                set_gpio_pin_irq_en
                0x0000000000000e06                set_gpio_pin_irq_type
                0x0000000000000eb8                get_gpio_irq_status
 .text          0x0000000000000ece      0x2d8 ./file_o/pulpino_o/spi.o
                0x0000000000000ece                spi_setup_slave
                0x0000000000000efe                spi_setup_master
                0x0000000000000f6a                spi_setup_cmd_addr
                0x0000000000000fda                spi_setup_dummy
                0x000000000000100e                spi_set_datalen
                0x0000000000001052                spi_start_transaction
                0x0000000000001094                spi_get_status
                0x00000000000010b0                spi_write_fifo
                0x000000000000112a                spi_read_fifo
 .text          0x00000000000011a6       0x44 ./file_o/pulpino_o/exceptions.o
                0x00000000000011a6                default_exception_handler_c
                0x00000000000011ae                illegal_insn_handler_c
                0x00000000000011b6                ecall_insn_handler_c
 .text          0x00000000000011ea       0x50 ./file_o/pulpino_o/int.o
                0x00000000000011ea                ISR_SRAM
                0x00000000000011f2                ISR_I2C
                0x00000000000011fa                ISR_UART
                0x0000000000001202                ISR_GPIO
                0x000000000000120a                ISR_SPIM0
                0x0000000000001212                ISR_SPIM1
                0x000000000000121a                ISR_TA_OVF
                0x000000000000122a                ISR_TB_OVF
                0x0000000000001232                ISR_TB_CMP
 .text          0x000000000000123a      0x214 ./file_o/pulpino_o/uart.o
                0x000000000000123a                uart_set_cfg
                0x00000000000012c6                uart_send
                0x0000000000001338                uart_getchar
                0x0000000000001364                uart_sendchar
                0x0000000000001392                uart_wait_tx_done
                0x00000000000013b2                uart_mysendstring
                0x000000000000140c                uart_getstring
 .text          0x000000000000144e      0x754 ./file_o/rtthread_o/timer.o
                0x000000000000163c                rt_timer_init
                0x000000000000168a                rt_timer_detach
                0x00000000000016be                rt_timer_create
                0x0000000000001718                rt_timer_delete
                0x000000000000174e                rt_timer_start
                0x0000000000001954                rt_timer_stop
                0x00000000000019a8                rt_timer_control
                0x0000000000001a4a                rt_timer_check
                0x0000000000001b1a                rt_timer_next_timeout_tick
                0x0000000000001b38                rt_system_timer_init
                0x0000000000001b84                rt_system_timer_thread_init
 .text          0x0000000000001ba2      0x3e4 ./file_o/rtthread_o/object.o
                0x0000000000001c28                rt_system_object_init
                0x0000000000001c36                rt_object_get_information
                0x0000000000001c92                rt_object_init
                0x0000000000001d82                rt_object_detach
                0x0000000000001dba                rt_object_allocate
                0x0000000000001e58                rt_object_delete
                0x0000000000001e98                rt_object_is_systemobject
                0x0000000000001ec0                rt_object_get_type
                0x0000000000001ee2                rt_object_find
 .text          0x0000000000001f86       0x92 ./file_o/rtthread_o/irq.o
                0x0000000000001f86                rt_interrupt_enter
                0x0000000000001fc2                rt_interrupt_leave
                0x0000000000001ffe                rt_interrupt_get_nest
 .text          0x0000000000002018        0x0 ./file_o/rtthread_o/cpu.o
 .text          0x0000000000002018        0x0 ./file_o/rtthread_o/slab.o
 .text          0x0000000000002018      0x208 ./file_o/rtthread_o/components.o
                0x0000000000002058                rt_components_board_init
                0x000000000000209c                rt_components_init
                0x00000000000020e0                entry
                0x00000000000020f6                main_thread_entry
                0x0000000000002112                rt_application_init
                0x0000000000002158                rtthread_startup
 .text          0x0000000000002220        0x0 ./file_o/rtthread_o/mempool.o
 .text          0x0000000000002220      0x8a6 ./file_o/rtthread_o/mem.o
                0x000000000000232e                rt_system_heap_init
                0x0000000000002478                rt_malloc
                0x0000000000002714                rt_realloc
                0x0000000000002904                rt_calloc
                0x0000000000002954                rt_free
                0x0000000000002a70                rt_memory_info
 .text          0x0000000000002ac6      0x8b0 ./file_o/rtthread_o/thread.o
                0x0000000000002bb6                rt_thread_exit
                0x0000000000002d5e                rt_thread_init
                0x0000000000002dc6                rt_thread_self
                0x0000000000002ddc                rt_thread_startup
                0x0000000000002e36                rt_thread_detach
                0x0000000000002ebe                rt_thread_create
                0x0000000000002f48                rt_thread_delete
                0x0000000000002fae                rt_thread_yield
                0x000000000000303a                rt_thread_sleep
                0x00000000000030b0                rt_thread_delay
                0x00000000000030ce                rt_thread_mdelay
                0x00000000000030f8                rt_thread_control
                0x00000000000031da                rt_thread_suspend
                0x0000000000003254                rt_thread_resume
                0x00000000000032b2                rt_thread_timeout
                0x00000000000032ee                rt_thread_find
 .text          0x0000000000003376      0xe9e ./file_o/rtthread_o/ipc.o
                0x000000000000355e                rt_sem_init
                0x00000000000035ba                rt_sem_detach
                0x00000000000035e6                rt_sem_create
                0x000000000000364a                rt_sem_delete
                0x0000000000003676                rt_sem_take
                0x0000000000003746                rt_sem_trytake
                0x0000000000003766                rt_sem_release
                0x00000000000037d2                rt_sem_control
                0x000000000000383c                rt_event_init
                0x000000000000388a                rt_event_detach
                0x00000000000038b6                rt_event_create
                0x000000000000390c                rt_event_delete
                0x0000000000003938                rt_event_send
                0x0000000000003a64                rt_event_recv
                0x0000000000003bda                rt_event_control
                0x0000000000003c32                rt_mb_init
                0x0000000000003cc4                rt_mb_detach
                0x0000000000003cfc                rt_mb_create
                0x0000000000003db6                rt_mb_delete
                0x0000000000003dfe                rt_mb_send_wait
                0x0000000000003fbc                rt_mb_send
                0x0000000000003fe4                rt_mb_recv
                0x00000000000041a0                rt_mb_control
 .text          0x0000000000004214        0x0 ./file_o/rtthread_o/memheap.o
 .text          0x0000000000004214       0x7a ./file_o/rtthread_o/interrupt.o
                0x0000000000004214                SystemIrqHandler
                0x0000000000004262                SystemIrqHandler_set
 .text          0x000000000000428e       0x84 ./file_o/rtthread_o/context_gcc.o
                0x000000000000428e                rt_hw_interrupt_disable
                0x0000000000004294                rt_hw_interrupt_enable
                0x000000000000429a                rt_hw_context_switch_to
                0x00000000000042a6                rt_hw_context_switch
                0x00000000000042dc                rt_hw_context_switch_exit
 .text          0x0000000000004312      0x116 ./file_o/rtthread_o/cpuport.o
                0x0000000000004312                rt_hw_stack_init
                0x00000000000043b6                rt_hw_context_switch_interrupt
                0x00000000000043f8                rt_hw_cpu_shutdown
 .text          0x0000000000004428      0x11a ./file_o/rtthread_o/clock.o
                0x0000000000004428                rt_system_tick_init
                0x0000000000004436                rt_tick_get
                0x000000000000444c                rt_tick_set
                0x000000000000447e                rt_tick_increase
                0x00000000000044d8                rt_tick_from_millisecond
 .text          0x0000000000004542      0x19c ./file_o/rtthread_o/idle.o
                0x00000000000045b6                rt_thread_idle_excute
                0x0000000000004670                rt_thread_idle_init
                0x00000000000046c8                rt_thread_idle_gethandler
 .text          0x00000000000046de     0x14be ./file_o/rtthread_o/kservice.o
                0x00000000000046de                rt_get_errno
                0x0000000000004720                rt_set_errno
                0x0000000000004770                _rt_errno
                0x00000000000047b4                rt_memset
                0x00000000000048d6                rt_memcpy
                0x0000000000004a2c                rt_memmove
                0x0000000000004af8                rt_memcmp
                0x0000000000004b74                rt_strstr
                0x0000000000004bf0                rt_strcasecmp
                0x0000000000004c94                rt_strncpy
                0x0000000000004d22                rt_strncmp
                0x0000000000004d90                rt_strcmp
                0x0000000000004df0                rt_strnlen
                0x0000000000004e46                rt_strlen
                0x0000000000004e82                rt_strdup
                0x0000000000004ece                rt_show_version
                0x0000000000005262                rt_vsnprintf
                0x00000000000058a0                rt_snprintf
                0x00000000000058fa                rt_vsprintf
                0x000000000000592a                rt_sprintf
                0x000000000000597e                rt_hw_console_output
                0x0000000000005990                rt_kputs
                0x00000000000059b4                rt_kprintf
                0x0000000000005a2a                rt_malloc_align
                0x0000000000005aca                rt_free_align
                0x0000000000005af4                __rt_ffs
 .text          0x0000000000005b9c      0x414 ./file_o/rtthread_o/scheduler.o
                0x0000000000005c72                rt_system_scheduler_init
                0x0000000000005cde                rt_system_scheduler_start
                0x0000000000005d36                rt_schedule
                0x0000000000005e02                rt_schedule_insert_thread
                0x0000000000005e88                rt_schedule_remove_thread
                0x0000000000005ef2                rt_enter_critical
                0x0000000000005f30                rt_exit_critical
                0x0000000000005f96                rt_critical_level
 .text          0x0000000000005fb0      0x15a ./file_o/rtthread_o/board.o
                0x0000000000005fda                ISR_TA_CMP
                0x0000000000006010                riscv_clock_init
                0x0000000000006092                rt_heap_begin_get
                0x00000000000060a8                rt_heap_end_get
                0x00000000000060be                rt_hw_board_init
 .text          0x000000000000610a        0x0 ./file_o/rtthread_o/interrupt_gcc.o
                0x000000000000610a                _etext = .
                0x000000000000610a                __CTOR_LIST__ = .
                0x000000000000610a        0x4 LONG 0x0 (((__CTOR_END__ - __CTOR_LIST__) / 0x4) - 0x2)
 *(.ctors)
                0x000000000000610e        0x4 LONG 0x0
                0x0000000000006112                __CTOR_END__ = .
                0x0000000000006112                __DTOR_LIST__ = .
                0x0000000000006112        0x4 LONG 0x0 (((__DTOR_END__ - __DTOR_LIST__) / 0x4) - 0x2)
 *(.dtors)
                0x0000000000006116        0x4 LONG 0x0
                0x000000000000611a                __DTOR_END__ = .
 *(.lit)
 *(.shdata)
                0x000000000000611a                _endtext = .

.text.entry     0x000000000000611c       0xaa
 .text.entry    0x000000000000611c       0xaa ./file_o/rtthread_o/interrupt_gcc.o
                0x000000000000611c                IRQ_Handler

.preinit_array  0x0000000000100000        0x0
                [!provide]                        PROVIDE (__preinit_array_start = .)
 *(.preinit_array)
                [!provide]                        PROVIDE (__preinit_array_end = .)

.init_array     0x0000000000100000        0x0
                [!provide]                        PROVIDE (__init_array_start = .)
 *(SORT_BY_NAME(.init_array.*))
 *(.init_array)
                [!provide]                        PROVIDE (__init_array_end = .)

.fini_array     0x0000000000100000        0x0
                [!provide]                        PROVIDE (__fini_array_start = .)
 *(SORT_BY_NAME(.fini_array.*))
 *(.fini_array)
                [!provide]                        PROVIDE (__fini_array_end = .)

.rodata         0x0000000000100000      0x558
                0x0000000000100000                . = ALIGN (0x4)
 *(.rodata)
 .rodata        0x0000000000100000       0x80 ./file_o/pulpino_o/utils.o
 .rodata        0x0000000000100080        0x7 ./file_o/pulpino_o/qprintf.o
 *fill*         0x0000000000100087        0x1 
 .rodata        0x0000000000100088       0x3c ./file_o/rtthread_o/timer.o
 .rodata        0x00000000001000c4      0x11c ./file_o/rtthread_o/components.o
 .rodata        0x00000000001001e0       0x90 ./file_o/rtthread_o/mem.o
 .rodata        0x0000000000100270        0xd ./file_o/rtthread_o/cpuport.o
 *fill*         0x000000000010027d        0x3 
 .rodata        0x0000000000100280       0x1e ./file_o/rtthread_o/idle.o
 *fill*         0x000000000010029e        0x2 
 .rodata        0x00000000001002a0      0x249 ./file_o/rtthread_o/kservice.o
                0x00000000001003c4                __lowest_bit_bitmap
 *fill*         0x00000000001004e9        0x3 
 .rodata        0x00000000001004ec       0x37 ./file_o/rtthread_o/scheduler.o
 *fill*         0x0000000000100523        0x1 
 .rodata        0x0000000000100524       0x34 ./file_o/rtthread_o/board.o
 *(.rodata.*)

.rti_fn.0       0x0000000000100558        0x4
 .rti_fn.0      0x0000000000100558        0x4 ./file_o/rtthread_o/components.o
                0x0000000000100558                __rt_init_rti_start

.rti_fn.0.end   0x000000000010055c        0x4
 .rti_fn.0.end  0x000000000010055c        0x4 ./file_o/rtthread_o/components.o
                0x000000000010055c                __rt_init_rti_board_start

.rti_fn.1.end   0x0000000000100560        0x4
 .rti_fn.1.end  0x0000000000100560        0x4 ./file_o/rtthread_o/components.o
                0x0000000000100560                __rt_init_rti_board_end

.rti_fn.6.end   0x0000000000100564        0x4
 .rti_fn.6.end  0x0000000000100564        0x4 ./file_o/rtthread_o/components.o
                0x0000000000100564                __rt_init_rti_end

.rela.dyn       0x0000000000100568        0x0
 .rela.text     0x0000000000100568        0x0 ./file_o/pulpino_o/utils.o
 .rela.text.entry
                0x0000000000100568        0x0 ./file_o/pulpino_o/utils.o

.shbss          0x0000000000100568        0x0
                0x0000000000100568                . = ALIGN (0x4)
 *(.shbss)

.data           0x0000000000100568       0x60
                0x0000000000100568                . = ALIGN (0x4)
                0x0000000000100568                sdata = .
                0x0000000000100568                _sdata = .
 *(.data)
 .data          0x0000000000100568        0x0 ./file_o/pulpino_o/timer.o
 .data          0x0000000000100568        0x0 ./file_o/pulpino_o/utils.o
 .data          0x0000000000100568        0x0 ./file_o/pulpino_o/crt0_riscv_E.o
 .data          0x0000000000100568        0x0 ./file_o/pulpino_o/main.o
 .data          0x0000000000100568       0x10 ./file_o/pulpino_o/qprintf.o
                0x0000000000100568                remu10_table
 .data          0x0000000000100578        0x0 ./file_o/pulpino_o/gpio.o
 .data          0x0000000000100578        0x0 ./file_o/pulpino_o/spi.o
 .data          0x0000000000100578        0x0 ./file_o/pulpino_o/exceptions.o
 .data          0x0000000000100578        0x0 ./file_o/pulpino_o/int.o
 .data          0x0000000000100578        0x0 ./file_o/pulpino_o/uart.o
 .data          0x0000000000100578        0x0 ./file_o/rtthread_o/timer.o
 .data          0x0000000000100578       0x50 ./file_o/rtthread_o/object.o
 .data          0x00000000001005c8        0x0 ./file_o/rtthread_o/irq.o
 .data          0x00000000001005c8        0x0 ./file_o/rtthread_o/cpu.o
 .data          0x00000000001005c8        0x0 ./file_o/rtthread_o/slab.o
 .data          0x00000000001005c8        0x0 ./file_o/rtthread_o/components.o
 .data          0x00000000001005c8        0x0 ./file_o/rtthread_o/mempool.o
 .data          0x00000000001005c8        0x0 ./file_o/rtthread_o/mem.o
 .data          0x00000000001005c8        0x0 ./file_o/rtthread_o/thread.o
 .data          0x00000000001005c8        0x0 ./file_o/rtthread_o/ipc.o
 .data          0x00000000001005c8        0x0 ./file_o/rtthread_o/memheap.o
 .data          0x00000000001005c8        0x0 ./file_o/rtthread_o/interrupt.o
 .data          0x00000000001005c8        0x0 ./file_o/rtthread_o/context_gcc.o
 .data          0x00000000001005c8        0x0 ./file_o/rtthread_o/cpuport.o
 .data          0x00000000001005c8        0x0 ./file_o/rtthread_o/clock.o
 .data          0x00000000001005c8        0x0 ./file_o/rtthread_o/idle.o
 .data          0x00000000001005c8        0x0 ./file_o/rtthread_o/kservice.o
 .data          0x00000000001005c8        0x0 ./file_o/rtthread_o/scheduler.o
 .data          0x00000000001005c8        0x0 ./file_o/rtthread_o/board.o
 .data          0x00000000001005c8        0x0 ./file_o/rtthread_o/interrupt_gcc.o
 *(.data.*)
                0x00000000001005c8                edata = .
                0x00000000001005c8                _edata = .

.bss            0x00000000001005c8     0x2334
                0x00000000001005c8                . = ALIGN (0x4)
                0x00000000001005c8                _bss_start = .
 *(.bss)
 .bss           0x00000000001005c8        0x0 ./file_o/pulpino_o/timer.o
 .bss           0x00000000001005c8        0x0 ./file_o/pulpino_o/utils.o
 .bss           0x00000000001005c8        0x0 ./file_o/pulpino_o/crt0_riscv_E.o
 .bss           0x00000000001005c8        0x0 ./file_o/pulpino_o/main.o
 .bss           0x00000000001005c8        0x0 ./file_o/pulpino_o/qprintf.o
 .bss           0x00000000001005c8        0x0 ./file_o/pulpino_o/gpio.o
 .bss           0x00000000001005c8        0x0 ./file_o/pulpino_o/spi.o
 .bss           0x00000000001005c8        0x0 ./file_o/pulpino_o/exceptions.o
 .bss           0x00000000001005c8        0x0 ./file_o/pulpino_o/int.o
 .bss           0x00000000001005c8        0x0 ./file_o/pulpino_o/uart.o
 .bss           0x00000000001005c8        0xc ./file_o/rtthread_o/timer.o
 .bss           0x00000000001005d4        0x0 ./file_o/rtthread_o/object.o
 .bss           0x00000000001005d4        0x0 ./file_o/rtthread_o/irq.o
 .bss           0x00000000001005d4        0x0 ./file_o/rtthread_o/cpu.o
 .bss           0x00000000001005d4        0x0 ./file_o/rtthread_o/slab.o
 .bss           0x00000000001005d4        0x0 ./file_o/rtthread_o/components.o
 .bss           0x00000000001005d4        0x0 ./file_o/rtthread_o/mempool.o
 .bss           0x00000000001005d4       0x38 ./file_o/rtthread_o/mem.o
 .bss           0x000000000010060c        0x0 ./file_o/rtthread_o/thread.o
 .bss           0x000000000010060c        0x0 ./file_o/rtthread_o/ipc.o
 .bss           0x000000000010060c        0x0 ./file_o/rtthread_o/memheap.o
 .bss           0x000000000010060c       0x80 ./file_o/rtthread_o/interrupt.o
                0x000000000010060c                isrTable
 .bss           0x000000000010068c        0x0 ./file_o/rtthread_o/context_gcc.o
 .bss           0x000000000010068c        0x0 ./file_o/rtthread_o/cpuport.o
 .bss           0x000000000010068c        0x4 ./file_o/rtthread_o/clock.o
 .bss           0x0000000000100690      0x180 ./file_o/rtthread_o/idle.o
 .bss           0x0000000000100810       0x84 ./file_o/rtthread_o/kservice.o
 .bss           0x0000000000100894       0x42 ./file_o/rtthread_o/scheduler.o
                0x0000000000100894                rt_thread_priority_table
 *fill*         0x00000000001008d6        0x2 
 .bss           0x00000000001008d8     0x2000 ./file_o/rtthread_o/board.o
 .bss           0x00000000001028d8        0x0 ./file_o/rtthread_o/interrupt_gcc.o
 *(.bss.*)
 *(.sbss)
 .sbss          0x00000000001028d8        0x1 ./file_o/rtthread_o/irq.o
                0x00000000001028d8                rt_interrupt_nest
 *fill*         0x00000000001028d9        0x3 
 .sbss          0x00000000001028dc        0xc ./file_o/rtthread_o/cpuport.o
                0x00000000001028dc                rt_interrupt_from_thread
                0x00000000001028e0                rt_interrupt_to_thread
                0x00000000001028e4                rt_thread_switch_interrupt_flag
 .sbss          0x00000000001028e8       0x14 ./file_o/rtthread_o/scheduler.o
                0x00000000001028e8                rt_current_thread
                0x00000000001028ec                rt_current_priority
                0x00000000001028f0                rt_thread_ready_priority_group
                0x00000000001028f4                rt_thread_defunct
 *(.sbss.*)
 *(COMMON)
                0x00000000001028fc                _bss_end = .
                0x00000000001028fc                . = ALIGN (0x4)
                0x00000000001028fc                _end = .

.stack          0x0000000000105000     0x1000
                0x0000000000105000                . = ALIGN (0x4)
                0x0000000000106000                . = (. + _min_stack)
 *fill*         0x0000000000105000     0x1000 
                0x0000000000106000                . = ALIGN (0x4)
                0x0000000000106000                stack = .
                0x0000000000106000                _stack = .

.stab
 *(.stab)

.stabstr
 *(.stabstr)
LOAD ./file_o/pulpino_o/timer.o
LOAD ./file_o/pulpino_o/utils.o
LOAD ./file_o/pulpino_o/crt0_riscv_E.o
LOAD ./file_o/pulpino_o/main.o
LOAD ./file_o/pulpino_o/qprintf.o
LOAD ./file_o/pulpino_o/gpio.o
LOAD ./file_o/pulpino_o/spi.o
LOAD ./file_o/pulpino_o/exceptions.o
LOAD ./file_o/pulpino_o/int.o
LOAD ./file_o/pulpino_o/uart.o
LOAD ./file_o/rtthread_o/timer.o
LOAD ./file_o/rtthread_o/object.o
LOAD ./file_o/rtthread_o/irq.o
LOAD ./file_o/rtthread_o/cpu.o
LOAD ./file_o/rtthread_o/slab.o
LOAD ./file_o/rtthread_o/components.o
LOAD ./file_o/rtthread_o/mempool.o
LOAD ./file_o/rtthread_o/mem.o
LOAD ./file_o/rtthread_o/thread.o
LOAD ./file_o/rtthread_o/ipc.o
LOAD ./file_o/rtthread_o/memheap.o
LOAD ./file_o/rtthread_o/interrupt.o
LOAD ./file_o/rtthread_o/context_gcc.o
LOAD ./file_o/rtthread_o/cpuport.o
LOAD ./file_o/rtthread_o/clock.o
LOAD ./file_o/rtthread_o/idle.o
LOAD ./file_o/rtthread_o/kservice.o
LOAD ./file_o/rtthread_o/scheduler.o
LOAD ./file_o/rtthread_o/board.o
LOAD ./file_o/rtthread_o/interrupt_gcc.o
LOAD libgcc.a
LOAD libc.a
OUTPUT(hello elf32-littleriscv)

.comment        0x0000000000000000       0x12
 .comment       0x0000000000000000       0x12 ./file_o/pulpino_o/timer.o
                                         0x13 (size before relaxing)
 .comment       0x0000000000000012       0x13 ./file_o/pulpino_o/utils.o
 .comment       0x0000000000000012       0x13 ./file_o/pulpino_o/main.o
 .comment       0x0000000000000012       0x13 ./file_o/pulpino_o/qprintf.o
 .comment       0x0000000000000012       0x13 ./file_o/pulpino_o/gpio.o
 .comment       0x0000000000000012       0x13 ./file_o/pulpino_o/spi.o
 .comment       0x0000000000000012       0x13 ./file_o/pulpino_o/exceptions.o
 .comment       0x0000000000000012       0x13 ./file_o/pulpino_o/int.o
 .comment       0x0000000000000012       0x13 ./file_o/pulpino_o/uart.o
 .comment       0x0000000000000012       0x13 ./file_o/rtthread_o/timer.o
 .comment       0x0000000000000012       0x13 ./file_o/rtthread_o/object.o
 .comment       0x0000000000000012       0x13 ./file_o/rtthread_o/irq.o
 .comment       0x0000000000000012       0x13 ./file_o/rtthread_o/cpu.o
 .comment       0x0000000000000012       0x13 ./file_o/rtthread_o/slab.o
 .comment       0x0000000000000012       0x13 ./file_o/rtthread_o/components.o
 .comment       0x0000000000000012       0x13 ./file_o/rtthread_o/mempool.o
 .comment       0x0000000000000012       0x13 ./file_o/rtthread_o/mem.o
 .comment       0x0000000000000012       0x13 ./file_o/rtthread_o/thread.o
 .comment       0x0000000000000012       0x13 ./file_o/rtthread_o/ipc.o
 .comment       0x0000000000000012       0x13 ./file_o/rtthread_o/memheap.o
 .comment       0x0000000000000012       0x13 ./file_o/rtthread_o/interrupt.o
 .comment       0x0000000000000012       0x13 ./file_o/rtthread_o/cpuport.o
 .comment       0x0000000000000012       0x13 ./file_o/rtthread_o/clock.o
 .comment       0x0000000000000012       0x13 ./file_o/rtthread_o/idle.o
 .comment       0x0000000000000012       0x13 ./file_o/rtthread_o/kservice.o
 .comment       0x0000000000000012       0x13 ./file_o/rtthread_o/scheduler.o
 .comment       0x0000000000000012       0x13 ./file_o/rtthread_o/board.o

.riscv.attributes
                0x0000000000000000       0x2a
 .riscv.attributes
                0x0000000000000000       0x26 ./file_o/pulpino_o/timer.o
 .riscv.attributes
                0x0000000000000026       0x2a ./file_o/pulpino_o/utils.o
 .riscv.attributes
                0x0000000000000050       0x28 ./file_o/pulpino_o/crt0_riscv_E.o
 .riscv.attributes
                0x0000000000000078       0x26 ./file_o/pulpino_o/main.o
 .riscv.attributes
                0x000000000000009e       0x26 ./file_o/pulpino_o/qprintf.o
 .riscv.attributes
                0x00000000000000c4       0x26 ./file_o/pulpino_o/gpio.o
 .riscv.attributes
                0x00000000000000ea       0x26 ./file_o/pulpino_o/spi.o
 .riscv.attributes
                0x0000000000000110       0x26 ./file_o/pulpino_o/exceptions.o
 .riscv.attributes
                0x0000000000000136       0x26 ./file_o/pulpino_o/int.o
 .riscv.attributes
                0x000000000000015c       0x26 ./file_o/pulpino_o/uart.o
 .riscv.attributes
                0x0000000000000182       0x26 ./file_o/rtthread_o/timer.o
 .riscv.attributes
                0x00000000000001a8       0x26 ./file_o/rtthread_o/object.o
 .riscv.attributes
                0x00000000000001ce       0x26 ./file_o/rtthread_o/irq.o
 .riscv.attributes
                0x00000000000001f4       0x26 ./file_o/rtthread_o/cpu.o
 .riscv.attributes
                0x000000000000021a       0x26 ./file_o/rtthread_o/slab.o
 .riscv.attributes
                0x0000000000000240       0x26 ./file_o/rtthread_o/components.o
 .riscv.attributes
                0x0000000000000266       0x26 ./file_o/rtthread_o/mempool.o
 .riscv.attributes
                0x000000000000028c       0x26 ./file_o/rtthread_o/mem.o
 .riscv.attributes
                0x00000000000002b2       0x26 ./file_o/rtthread_o/thread.o
 .riscv.attributes
                0x00000000000002d8       0x26 ./file_o/rtthread_o/ipc.o
 .riscv.attributes
                0x00000000000002fe       0x26 ./file_o/rtthread_o/memheap.o
 .riscv.attributes
                0x0000000000000324       0x26 ./file_o/rtthread_o/interrupt.o
 .riscv.attributes
                0x000000000000034a       0x28 ./file_o/rtthread_o/context_gcc.o
 .riscv.attributes
                0x0000000000000372       0x26 ./file_o/rtthread_o/cpuport.o
 .riscv.attributes
                0x0000000000000398       0x26 ./file_o/rtthread_o/clock.o
 .riscv.attributes
                0x00000000000003be       0x26 ./file_o/rtthread_o/idle.o
 .riscv.attributes
                0x00000000000003e4       0x26 ./file_o/rtthread_o/kservice.o
 .riscv.attributes
                0x000000000000040a       0x26 ./file_o/rtthread_o/scheduler.o
 .riscv.attributes
                0x0000000000000430       0x2a ./file_o/rtthread_o/board.o
 .riscv.attributes
                0x000000000000045a       0x28 ./file_o/rtthread_o/interrupt_gcc.o
